// Vitest Snapshot v1, https://vitest.dev/guide/snapshot.html

exports[`<Input /> > renders component correctly 1`] = `
<div>
  <div
    class="sc-fhHczv ipJXjs"
  >
    <div
      class="sc-ggWZvA jahAZR"
    >
      default value
    </div>
    <button
      backgroundcolor="#FF1744"
      class="sc-bRKDuR QHggg"
      hovercolor="#F01440"
    >
      <div
        class="sc-hvigdm WvKZY"
      >
        삭제
      </div>
    </button>
  </div>
</div>
`;
