// Vitest Snapshot v1, https://vitest.dev/guide/snapshot.html

exports[`<Input /> > renders component correctly 1`] = `
<div>
  <div
    class="sc-fhHczv grQgxZ"
  >
    <div
      class="sc-ggWZvA jahAZR"
    >
      default value
    </div>
    <button
      class="sc-bRKDuR QHggg"
    >
      <label>
        삭제
      </label>
    </button>
  </div>
</div>
`;
